---
http_interactions:
- request:
    method: get
    uri: https://api.nal.usda.gov/ndb/search/?api_key=&format=json&max=25&offset=0&q=Trader%20Joe%27s%20Acacia%20Honey&sort=n
    body:
      encoding: US-ASCII
      string: ''
    headers:
      Accept-Encoding:
      - gzip;q=1.0,deflate;q=0.6,identity;q=0.3
      Accept:
      - "*/*"
      User-Agent:
      - Ruby
  response:
    status:
      code: 403
      message: Forbidden
    headers:
      Server:
      - openresty
      Date:
      - Sun, 14 Oct 2018 05:43:32 GMT
      Content-Type:
      - application/json
      Transfer-Encoding:
      - chunked
      Connection:
      - keep-alive
      Vary:
      - Accept-Encoding
      Access-Control-Allow-Origin:
      - "*"
      X-Cache:
      - MISS
      Strict-Transport-Security:
      - max-age=31536000; includeSubDomains; preload
    body:
      encoding: ASCII-8BIT
      string: |-
        {
          "error": {
            "code": "API_KEY_MISSING",
            "message": "No api_key was supplied. Get one at https://api.nal.usda.gov:443"
          }
        }
    http_version: 
  recorded_at: Sun, 14 Oct 2018 05:43:33 GMT
- request:
    method: get
    uri: https://api.nal.usda.gov/ndb/search/?api_key=4K3YWLNk8MuWsSF1YhcxKyp8l88lAc36KVya2IsX&format=json&max=25&offset=0&q=Trader%20Joe%27s%20Acacia%20Honey&sort=n
    body:
      encoding: US-ASCII
      string: ''
    headers:
      Accept-Encoding:
      - gzip;q=1.0,deflate;q=0.6,identity;q=0.3
      Accept:
      - "*/*"
      User-Agent:
      - Ruby
  response:
    status:
      code: 200
      message: ''
    headers:
      Server:
      - openresty
      Date:
      - Sun, 14 Oct 2018 06:02:33 GMT
      Content-Type:
      - application/json;charset=UTF-8
      Transfer-Encoding:
      - chunked
      Connection:
      - keep-alive
      Vary:
      - Accept-Encoding
      X-Ratelimit-Limit:
      - '3600'
      X-Ratelimit-Remaining:
      - '3598'
      Access-Control-Allow-Origin:
      - "*"
      Access-Control-Allow-Credentials:
      - 'true'
      Access-Control-Allow-Methods:
      - GET, POST, OPTIONS
      Access-Control-Allow-Headers:
      - DNT,X-CustomHeader,Keep-Alive,User-Agent,X-Requested-With,If-Modified-Since,Cache-Control,Content-Type
      Strict-Transport-Security:
      - max-age=31536000; includeSubDomains; preload
      - max-age=63072000; includeSubDomains; preload
      Age:
      - '5'
      Via:
      - https/1.1 api-umbrella (ApacheTrafficServer [cMsSf ])
      X-Cache:
      - MISS
    body:
      encoding: ASCII-8BIT
      string: |-
        {
            "list": {
                "q": "Trader Joe's Acacia Honey",
                "sr": "1",
                "ds": "any",
                "start": 0,
                "end": 3,
                "total": 3,
                "group": "",
                "sort": "n",
                "item": [
                    {
                        "offset": 0,
                        "group": "Branded Food Products Database",
                        "name": "TRADER JOE'S, ACACIA HONEY, UPC: 00555500",
                        "ndbno": "45085468",
                        "ds": "LI",
                        "manu": "TRADER JOE'S"
                    },
                    {
                        "offset": 1,
                        "group": "Branded Food Products Database",
                        "name": "TRADER JOE'S, DARK CHOCOLATE HONEY MINTS, UPC: 00976886",
                        "ndbno": "45093999",
                        "ds": "LI",
                        "manu": "none"
                    },
                    {
                        "offset": 2,
                        "group": "Branded Food Products Database",
                        "name": "TRADER JOE'S, HONEY ROASTED COCOA & CHILI PEANUTS & ALMONDS WITH ROASTED SALTED PECANS, SWEET, HOT & SAVORY, UPC: 00552707",
                        "ndbno": "45035210",
                        "ds": "LI",
                        "manu": "TRADER JOE'S"
                    }
                ]
            }
        }
    http_version: 
  recorded_at: Sun, 14 Oct 2018 06:02:33 GMT
- request:
    method: get
    uri: https://api.nal.usda.gov/ndb/reports/?api_key=4K3YWLNk8MuWsSF1YhcxKyp8l88lAc36KVya2IsX&format=json&ndbno=45085468&type=b
    body:
      encoding: US-ASCII
      string: ''
    headers:
      Accept-Encoding:
      - gzip;q=1.0,deflate;q=0.6,identity;q=0.3
      Accept:
      - "*/*"
      User-Agent:
      - Ruby
  response:
    status:
      code: 200
      message: ''
    headers:
      Server:
      - openresty
      Date:
      - Sun, 14 Oct 2018 06:02:36 GMT
      Content-Type:
      - application/json;charset=UTF-8
      Transfer-Encoding:
      - chunked
      Connection:
      - keep-alive
      Vary:
      - Accept-Encoding
      X-Ratelimit-Limit:
      - '3600'
      X-Ratelimit-Remaining:
      - '3597'
      Access-Control-Allow-Origin:
      - "*"
      Access-Control-Allow-Credentials:
      - 'true'
      Access-Control-Allow-Methods:
      - GET, POST, OPTIONS
      Access-Control-Allow-Headers:
      - DNT,X-CustomHeader,Keep-Alive,User-Agent,X-Requested-With,If-Modified-Since,Cache-Control,Content-Type
      Strict-Transport-Security:
      - max-age=31536000; includeSubDomains; preload
      - max-age=63072000; includeSubDomains; preload
      Age:
      - '5'
      Via:
      - https/1.1 api-umbrella (ApacheTrafficServer [cMsSf ])
      X-Cache:
      - MISS
    body:
      encoding: ASCII-8BIT
      string: "{\n    \"report\": {\n        \"sr\": \"July, 2018\",\n        \"type\":
        \"Basic\",\n        \"food\": {\n            \"ndbno\": \"45085468\",\n            \"name\":
        \"TRADER JOE'S, ACACIA HONEY, UPC: 00555500\",\n            \"ds\": \"Label
        Insight\",\n            \"manu\": \"TRADER JOE'S\",\n            \"ru\": \"g\",\n
        \           \"ing\": {\n                \"desc\": \"HONEY, BLACK SUMMER TRUFFLE
        PIECES, NATURAL MUSHROOM FLAVOR.\",\n                \"upd\": \"06/25/2017\"\n
        \           },\n            \"nutrients\": [\n                {\n                    \"nutrient_id\":
        \"208\",\n                    \"name\": \"Energy\",\n                    \"derivation\":
        \"LCCS\",\n                    \"group\": \"Proximates\",\n                    \"unit\":
        \"kcal\",\n                    \"value\": \"333\",\n                    \"measures\":
        [\n                        {\n                            \"label\": \"Tbsp\",\n
        \                           \"eqv\": 21.0,\n                            \"eunit\":
        \"g\",\n                            \"qty\": 1.0,\n                            \"value\":
        \"70\"\n                        }\n                    ]\n                },\n
        \               {\n                    \"nutrient_id\": \"203\",\n                    \"name\":
        \"Protein\",\n                    \"derivation\": \"LCCS\",\n                    \"group\":
        \"Proximates\",\n                    \"unit\": \"g\",\n                    \"value\":
        \"0.00\",\n                    \"measures\": [\n                        {\n
        \                           \"label\": \"Tbsp\",\n                            \"eqv\":
        21.0,\n                            \"eunit\": \"g\",\n                            \"qty\":
        1.0,\n                            \"value\": \"0.00\"\n                        }\n
        \                   ]\n                },\n                {\n                    \"nutrient_id\":
        \"204\",\n                    \"name\": \"Total lipid (fat)\",\n                    \"derivation\":
        \"LCCD\",\n                    \"group\": \"Proximates\",\n                    \"unit\":
        \"g\",\n                    \"value\": \"0.00\",\n                    \"measures\":
        [\n                        {\n                            \"label\": \"Tbsp\",\n
        \                           \"eqv\": 21.0,\n                            \"eunit\":
        \"g\",\n                            \"qty\": 1.0,\n                            \"value\":
        \"0.00\"\n                        }\n                    ]\n                },\n
        \               {\n                    \"nutrient_id\": \"205\",\n                    \"name\":
        \"Carbohydrate, by difference\",\n                    \"derivation\": \"LCCS\",\n
        \                   \"group\": \"Proximates\",\n                    \"unit\":
        \"g\",\n                    \"value\": \"80.95\",\n                    \"measures\":
        [\n                        {\n                            \"label\": \"Tbsp\",\n
        \                           \"eqv\": 21.0,\n                            \"eunit\":
        \"g\",\n                            \"qty\": 1.0,\n                            \"value\":
        \"17.00\"\n                        }\n                    ]\n                },\n
        \               {\n                    \"nutrient_id\": \"291\",\n                    \"name\":
        \"Fiber, total dietary\",\n                    \"derivation\": \"LCCD\",\n
        \                   \"group\": \"Proximates\",\n                    \"unit\":
        \"g\",\n                    \"value\": \"0.0\",\n                    \"measures\":
        [\n                        {\n                            \"label\": \"Tbsp\",\n
        \                           \"eqv\": 21.0,\n                            \"eunit\":
        \"g\",\n                            \"qty\": 1.0,\n                            \"value\":
        \"0.0\"\n                        }\n                    ]\n                },\n
        \               {\n                    \"nutrient_id\": \"269\",\n                    \"name\":
        \"Sugars, total\",\n                    \"derivation\": \"LCCS\",\n                    \"group\":
        \"Proximates\",\n                    \"unit\": \"g\",\n                    \"value\":
        \"80.95\",\n                    \"measures\": [\n                        {\n
        \                           \"label\": \"Tbsp\",\n                            \"eqv\":
        21.0,\n                            \"eunit\": \"g\",\n                            \"qty\":
        1.0,\n                            \"value\": \"17.00\"\n                        }\n
        \                   ]\n                },\n                {\n                    \"nutrient_id\":
        \"301\",\n                    \"name\": \"Calcium, Ca\",\n                    \"derivation\":
        \"LCCD\",\n                    \"group\": \"Minerals\",\n                    \"unit\":
        \"mg\",\n                    \"value\": \"0\",\n                    \"measures\":
        [\n                        {\n                            \"label\": \"Tbsp\",\n
        \                           \"eqv\": 21.0,\n                            \"eunit\":
        \"g\",\n                            \"qty\": 1.0,\n                            \"value\":
        \"0\"\n                        }\n                    ]\n                },\n
        \               {\n                    \"nutrient_id\": \"303\",\n                    \"name\":
        \"Iron, Fe\",\n                    \"derivation\": \"LCCD\",\n                    \"group\":
        \"Minerals\",\n                    \"unit\": \"mg\",\n                    \"value\":
        \"0.00\",\n                    \"measures\": [\n                        {\n
        \                           \"label\": \"Tbsp\",\n                            \"eqv\":
        21.0,\n                            \"eunit\": \"g\",\n                            \"qty\":
        1.0,\n                            \"value\": \"0.00\"\n                        }\n
        \                   ]\n                },\n                {\n                    \"nutrient_id\":
        \"307\",\n                    \"name\": \"Sodium, Na\",\n                    \"derivation\":
        \"LCCD\",\n                    \"group\": \"Minerals\",\n                    \"unit\":
        \"mg\",\n                    \"value\": \"0\",\n                    \"measures\":
        [\n                        {\n                            \"label\": \"Tbsp\",\n
        \                           \"eqv\": 21.0,\n                            \"eunit\":
        \"g\",\n                            \"qty\": 1.0,\n                            \"value\":
        \"0\"\n                        }\n                    ]\n                },\n
        \               {\n                    \"nutrient_id\": \"401\",\n                    \"name\":
        \"Vitamin C, total ascorbic acid\",\n                    \"derivation\": \"LCCD\",\n
        \                   \"group\": \"Vitamins\",\n                    \"unit\":
        \"mg\",\n                    \"value\": \"0.0\",\n                    \"measures\":
        [\n                        {\n                            \"label\": \"Tbsp\",\n
        \                           \"eqv\": 21.0,\n                            \"eunit\":
        \"g\",\n                            \"qty\": 1.0,\n                            \"value\":
        \"0.0\"\n                        }\n                    ]\n                },\n
        \               {\n                    \"nutrient_id\": \"318\",\n                    \"name\":
        \"Vitamin A, IU\",\n                    \"derivation\": \"LCCD\",\n                    \"group\":
        \"Vitamins\",\n                    \"unit\": \"IU\",\n                    \"value\":
        \"0\",\n                    \"measures\": [\n                        {\n                            \"label\":
        \"Tbsp\",\n                            \"eqv\": 21.0,\n                            \"eunit\":
        \"g\",\n                            \"qty\": 1.0,\n                            \"value\":
        \"0\"\n                        }\n                    ]\n                },\n
        \               {\n                    \"nutrient_id\": \"606\",\n                    \"name\":
        \"Fatty acids, total saturated\",\n                    \"derivation\": \"LCCD\",\n
        \                   \"group\": \"Lipids\",\n                    \"unit\":
        \"g\",\n                    \"value\": \"0.000\",\n                    \"measures\":
        [\n                        {\n                            \"label\": \"Tbsp\",\n
        \                           \"eqv\": 21.0,\n                            \"eunit\":
        \"g\",\n                            \"qty\": 1.0,\n                            \"value\":
        \"0.000\"\n                        }\n                    ]\n                },\n
        \               {\n                    \"nutrient_id\": \"605\",\n                    \"name\":
        \"Fatty acids, total trans\",\n                    \"derivation\": \"LCCS\",\n
        \                   \"group\": \"Lipids\",\n                    \"unit\":
        \"g\",\n                    \"value\": \"0.000\",\n                    \"measures\":
        [\n                        {\n                            \"label\": \"Tbsp\",\n
        \                           \"eqv\": 21.0,\n                            \"eunit\":
        \"g\",\n                            \"qty\": 1.0,\n                            \"value\":
        \"0.000\"\n                        }\n                    ]\n                },\n
        \               {\n                    \"nutrient_id\": \"601\",\n                    \"name\":
        \"Cholesterol\",\n                    \"derivation\": \"LCCD\",\n                    \"group\":
        \"Lipids\",\n                    \"unit\": \"mg\",\n                    \"value\":
        \"0\",\n                    \"measures\": [\n                        {\n                            \"label\":
        \"Tbsp\",\n                            \"eqv\": 21.0,\n                            \"eunit\":
        \"g\",\n                            \"qty\": 1.0,\n                            \"value\":
        \"0\"\n                        }\n                    ]\n                }\n
        \           ]\n        },\n        \"footnotes\": [\n            \n        ]\n
        \   }\n}"
    http_version: 
  recorded_at: Sun, 14 Oct 2018 06:02:36 GMT
recorded_with: VCR 4.0.0
